11:34:22 **** Incremental Build of configuration Debug for project SensorProject2 ****
make -j8 all 
arm-none-eabi-gcc "../applications/main.c"
linking...
arm-none-eabi-objcopy -O binary "rtthread.elf"  "rtthread.bin"
arm-none-eabi-size --format=berkeley "rtthread.elf"
   text	   data	    bss	    dec	    hex	filename
  72560	   1472	   3472	  77504	  12ec0	rtthread.elf

              Used Size(B)           Used Size(KB)
Flash:          74032 B               72.30 KB
RAM:             4944 B                4.83 KB

11:34:24 Build Finished. 0 errors, 0 warnings. (took 1s.342ms)

