21:26:47 **** Incremental Build of configuration Debug for project testproject ****
make -j8 all 
arm-none-eabi-gcc "../applications/main.c"
linking...
arm-none-eabi-objcopy -O binary "rtthread.elf"  "rtthread.bin"
arm-none-eabi-size --format=berkeley "rtthread.elf"
   text	   data	    bss	    dec	    hex	filename
  34180	   1408	   2472	  38060	   94ac	rtthread.elf

              Used Size(B)           Used Size(KB)
Flash:          35588 B               34.75 KB
RAM:             3880 B                3.79 KB

21:26:49 Build Finished. 0 errors, 0 warnings. (took 1s.758ms)

