09:23:11 **** Build of configuration Debug for project test2 ****
make -j8 all 
arm-none-eabi-gcc "../rt-thread/src/clock.c"
arm-none-eabi-gcc "../rt-thread/src/components.c"
arm-none-eabi-gcc "../rt-thread/src/device.c"
arm-none-eabi-gcc "../rt-thread/src/idle.c"
arm-none-eabi-gcc "../rt-thread/src/ipc.c"
arm-none-eabi-gcc "../rt-thread/src/irq.c"
arm-none-eabi-gcc "../rt-thread/src/kservice.c"
arm-none-eabi-gcc "../rt-thread/src/mem.c"
arm-none-eabi-gcc "../rt-thread/src/mempool.c"
arm-none-eabi-gcc "../rt-thread/src/object.c"
arm-none-eabi-gcc "../rt-thread/src/scheduler.c"
arm-none-eabi-gcc "../rt-thread/src/thread.c"
arm-none-eabi-gcc "../rt-thread/src/timer.c"
arm-none-eabi-gcc "../rt-thread/libcpu/arm/cortex-m7/context_gcc.S"
arm-none-eabi-gcc "../rt-thread/libcpu/arm/cortex-m7/cpu_cache.c"
arm-none-eabi-gcc "../rt-thread/libcpu/arm/cortex-m7/cpuport.c"
arm-none-eabi-gcc "../rt-thread/libcpu/arm/common/backtrace.c"
arm-none-eabi-gcc "../rt-thread/libcpu/arm/common/div0.c"
arm-none-eabi-gcc "../rt-thread/libcpu/arm/common/showmem.c"
arm-none-eabi-gcc "../rt-thread/components/libc/compilers/newlib/syscalls.c"
arm-none-eabi-gcc "../rt-thread/components/libc/compilers/common/stdlib.c"
arm-none-eabi-gcc "../rt-thread/components/libc/compilers/common/time.c"
arm-none-eabi-gcc "../rt-thread/components/legacy/ipc/workqueue_legacy.c"
arm-none-eabi-gcc "../rt-thread/components/finsh/cmd.c"
arm-none-eabi-gcc "../rt-thread/components/finsh/msh.c"
arm-none-eabi-gcc "../rt-thread/components/finsh/shell.c"
arm-none-eabi-gcc "../rt-thread/components/drivers/serial/serial.c"
arm-none-eabi-gcc "../rt-thread/components/drivers/misc/pin.c"
arm-none-eabi-gcc "../rt-thread/components/drivers/ipc/completion.c"
arm-none-eabi-gcc "../rt-thread/components/drivers/ipc/dataqueue.c"
arm-none-eabi-gcc "../rt-thread/components/drivers/ipc/pipe.c"
arm-none-eabi-gcc "../rt-thread/components/drivers/ipc/ringblk_buf.c"
arm-none-eabi-gcc "../rt-thread/components/drivers/ipc/ringbuffer.c"
arm-none-eabi-gcc "../rt-thread/components/drivers/ipc/waitqueue.c"
arm-none-eabi-gcc "../rt-thread/components/drivers/ipc/workqueue.c"
arm-none-eabi-gcc "../rt-thread/components/drivers/i2c/i2c-bit-ops.c"
arm-none-eabi-gcc "../rt-thread/components/drivers/i2c/i2c_core.c"
arm-none-eabi-gcc "../rt-thread/components/drivers/i2c/i2c_dev.c"
arm-none-eabi-gcc "../libraries/STM32F7xx_HAL_Driver/Src/Legacy/stm32f7xx_hal_can.c"
arm-none-eabi-gcc "../libraries/STM32F7xx_HAL_Driver/Src/stm32f7xx_hal.c"
arm-none-eabi-gcc "../libraries/STM32F7xx_HAL_Driver/Src/stm32f7xx_hal_adc.c"
arm-none-eabi-gcc "../libraries/STM32F7xx_HAL_Driver/Src/stm32f7xx_hal_adc_ex.c"
arm-none-eabi-gcc "../libraries/STM32F7xx_HAL_Driver/Src/stm32f7xx_hal_can.c"
arm-none-eabi-gcc "../libraries/STM32F7xx_HAL_Driver/Src/stm32f7xx_hal_cec.c"
arm-none-eabi-gcc "../libraries/STM32F7xx_HAL_Driver/Src/stm32f7xx_hal_cortex.c"
arm-none-eabi-gcc "../libraries/STM32F7xx_HAL_Driver/Src/stm32f7xx_hal_crc.c"
arm-none-eabi-gcc "../libraries/STM32F7xx_HAL_Driver/Src/stm32f7xx_hal_crc_ex.c"
arm-none-eabi-gcc "../libraries/STM32F7xx_HAL_Driver/Src/stm32f7xx_hal_cryp.c"
arm-none-eabi-gcc "../libraries/STM32F7xx_HAL_Driver/Src/stm32f7xx_hal_cryp_ex.c"
arm-none-eabi-gcc "../libraries/STM32F7xx_HAL_Driver/Src/stm32f7xx_hal_dac.c"
arm-none-eabi-gcc "../libraries/STM32F7xx_HAL_Driver/Src/stm32f7xx_hal_dac_ex.c"
arm-none-eabi-gcc "../libraries/STM32F7xx_HAL_Driver/Src/stm32f7xx_hal_dcmi.c"
arm-none-eabi-gcc "../libraries/STM32F7xx_HAL_Driver/Src/stm32f7xx_hal_dcmi_ex.c"
arm-none-eabi-gcc "../libraries/STM32F7xx_HAL_Driver/Src/stm32f7xx_hal_dfsdm.c"
arm-none-eabi-gcc "../libraries/STM32F7xx_HAL_Driver/Src/stm32f7xx_hal_dma.c"
arm-none-eabi-gcc "../libraries/STM32F7xx_HAL_Driver/Src/stm32f7xx_hal_dma2d.c"
arm-none-eabi-gcc "../libraries/STM32F7xx_HAL_Driver/Src/stm32f7xx_hal_dma_ex.c"
arm-none-eabi-gcc "../libraries/STM32F7xx_HAL_Driver/Src/stm32f7xx_hal_dsi.c"
arm-none-eabi-gcc "../libraries/STM32F7xx_HAL_Driver/Src/stm32f7xx_hal_eth.c"
arm-none-eabi-gcc "../libraries/STM32F7xx_HAL_Driver/Src/stm32f7xx_hal_exti.c"
arm-none-eabi-gcc "../libraries/STM32F7xx_HAL_Driver/Src/stm32f7xx_hal_flash.c"
arm-none-eabi-gcc "../libraries/STM32F7xx_HAL_Driver/Src/stm32f7xx_hal_flash_ex.c"
arm-none-eabi-gcc "../libraries/STM32F7xx_HAL_Driver/Src/stm32f7xx_hal_gpio.c"
arm-none-eabi-gcc "../libraries/STM32F7xx_HAL_Driver/Src/stm32f7xx_hal_hash.c"
arm-none-eabi-gcc "../libraries/STM32F7xx_HAL_Driver/Src/stm32f7xx_hal_hash_ex.c"
arm-none-eabi-gcc "../libraries/STM32F7xx_HAL_Driver/Src/stm32f7xx_hal_hcd.c"
arm-none-eabi-gcc "../libraries/STM32F7xx_HAL_Driver/Src/stm32f7xx_hal_i2c.c"
arm-none-eabi-gcc "../libraries/STM32F7xx_HAL_Driver/Src/stm32f7xx_hal_i2c_ex.c"
arm-none-eabi-gcc "../libraries/STM32F7xx_HAL_Driver/Src/stm32f7xx_hal_i2s.c"
arm-none-eabi-gcc "../libraries/STM32F7xx_HAL_Driver/Src/stm32f7xx_hal_irda.c"
arm-none-eabi-gcc "../libraries/STM32F7xx_HAL_Driver/Src/stm32f7xx_hal_iwdg.c"
arm-none-eabi-gcc "../libraries/STM32F7xx_HAL_Driver/Src/stm32f7xx_hal_jpeg.c"
arm-none-eabi-gcc "../libraries/STM32F7xx_HAL_Driver/Src/stm32f7xx_hal_lptim.c"
arm-none-eabi-gcc "../libraries/STM32F7xx_HAL_Driver/Src/stm32f7xx_hal_ltdc.c"
arm-none-eabi-gcc "../libraries/STM32F7xx_HAL_Driver/Src/stm32f7xx_hal_ltdc_ex.c"
arm-none-eabi-gcc "../libraries/STM32F7xx_HAL_Driver/Src/stm32f7xx_hal_mdios.c"
arm-none-eabi-gcc "../libraries/STM32F7xx_HAL_Driver/Src/stm32f7xx_hal_mmc.c"
arm-none-eabi-gcc "../libraries/STM32F7xx_HAL_Driver/Src/stm32f7xx_hal_nand.c"
arm-none-eabi-gcc "../libraries/STM32F7xx_HAL_Driver/Src/stm32f7xx_hal_nor.c"
arm-none-eabi-gcc "../libraries/STM32F7xx_HAL_Driver/Src/stm32f7xx_hal_pcd.c"
arm-none-eabi-gcc "../libraries/STM32F7xx_HAL_Driver/Src/stm32f7xx_hal_pcd_ex.c"
arm-none-eabi-gcc "../libraries/STM32F7xx_HAL_Driver/Src/stm32f7xx_hal_pwr.c"
arm-none-eabi-gcc "../libraries/STM32F7xx_HAL_Driver/Src/stm32f7xx_hal_pwr_ex.c"
arm-none-eabi-gcc "../libraries/STM32F7xx_HAL_Driver/Src/stm32f7xx_hal_qspi.c"
arm-none-eabi-gcc "../libraries/STM32F7xx_HAL_Driver/Src/stm32f7xx_hal_rcc.c"
arm-none-eabi-gcc "../libraries/STM32F7xx_HAL_Driver/Src/stm32f7xx_hal_rcc_ex.c"
arm-none-eabi-gcc "../libraries/STM32F7xx_HAL_Driver/Src/stm32f7xx_hal_rng.c"
arm-none-eabi-gcc "../libraries/STM32F7xx_HAL_Driver/Src/stm32f7xx_hal_rtc.c"
arm-none-eabi-gcc "../libraries/STM32F7xx_HAL_Driver/Src/stm32f7xx_hal_rtc_ex.c"
arm-none-eabi-gcc "../libraries/STM32F7xx_HAL_Driver/Src/stm32f7xx_hal_sai.c"
arm-none-eabi-gcc "../libraries/STM32F7xx_HAL_Driver/Src/stm32f7xx_hal_sai_ex.c"
arm-none-eabi-gcc "../libraries/STM32F7xx_HAL_Driver/Src/stm32f7xx_hal_sd.c"
arm-none-eabi-gcc "../libraries/STM32F7xx_HAL_Driver/Src/stm32f7xx_hal_sdram.c"
arm-none-eabi-gcc "../libraries/STM32F7xx_HAL_Driver/Src/stm32f7xx_hal_smartcard.c"
arm-none-eabi-gcc "../libraries/STM32F7xx_HAL_Driver/Src/stm32f7xx_hal_smartcard_ex.c"
arm-none-eabi-gcc "../libraries/STM32F7xx_HAL_Driver/Src/stm32f7xx_hal_smbus.c"
arm-none-eabi-gcc "../libraries/STM32F7xx_HAL_Driver/Src/stm32f7xx_hal_spdifrx.c"
arm-none-eabi-gcc "../libraries/STM32F7xx_HAL_Driver/Src/stm32f7xx_hal_spi.c"
arm-none-eabi-gcc "../libraries/STM32F7xx_HAL_Driver/Src/stm32f7xx_hal_spi_ex.c"
arm-none-eabi-gcc "../libraries/STM32F7xx_HAL_Driver/Src/stm32f7xx_hal_sram.c"
arm-none-eabi-gcc "../libraries/STM32F7xx_HAL_Driver/Src/stm32f7xx_hal_tim.c"
arm-none-eabi-gcc "../libraries/STM32F7xx_HAL_Driver/Src/stm32f7xx_hal_tim_ex.c"
arm-none-eabi-gcc "../libraries/STM32F7xx_HAL_Driver/Src/stm32f7xx_hal_uart.c"
arm-none-eabi-gcc "../libraries/STM32F7xx_HAL_Driver/Src/stm32f7xx_hal_uart_ex.c"
arm-none-eabi-gcc "../libraries/STM32F7xx_HAL_Driver/Src/stm32f7xx_hal_usart.c"
arm-none-eabi-gcc "../libraries/STM32F7xx_HAL_Driver/Src/stm32f7xx_hal_wwdg.c"
arm-none-eabi-gcc "../libraries/STM32F7xx_HAL_Driver/Src/stm32f7xx_ll_adc.c"
arm-none-eabi-gcc "../libraries/STM32F7xx_HAL_Driver/Src/stm32f7xx_ll_crc.c"
arm-none-eabi-gcc "../libraries/STM32F7xx_HAL_Driver/Src/stm32f7xx_ll_dac.c"
arm-none-eabi-gcc "../libraries/STM32F7xx_HAL_Driver/Src/stm32f7xx_ll_dma.c"
arm-none-eabi-gcc "../libraries/STM32F7xx_HAL_Driver/Src/stm32f7xx_ll_dma2d.c"
arm-none-eabi-gcc "../libraries/STM32F7xx_HAL_Driver/Src/stm32f7xx_ll_exti.c"
arm-none-eabi-gcc "../libraries/STM32F7xx_HAL_Driver/Src/stm32f7xx_ll_fmc.c"
arm-none-eabi-gcc "../libraries/STM32F7xx_HAL_Driver/Src/stm32f7xx_ll_gpio.c"
arm-none-eabi-gcc "../libraries/STM32F7xx_HAL_Driver/Src/stm32f7xx_ll_i2c.c"
arm-none-eabi-gcc "../libraries/STM32F7xx_HAL_Driver/Src/stm32f7xx_ll_lptim.c"
arm-none-eabi-gcc "../libraries/STM32F7xx_HAL_Driver/Src/stm32f7xx_ll_pwr.c"
arm-none-eabi-gcc "../libraries/STM32F7xx_HAL_Driver/Src/stm32f7xx_ll_rcc.c"
arm-none-eabi-gcc "../libraries/STM32F7xx_HAL_Driver/Src/stm32f7xx_ll_rng.c"
arm-none-eabi-gcc "../libraries/STM32F7xx_HAL_Driver/Src/stm32f7xx_ll_rtc.c"
arm-none-eabi-gcc "../libraries/STM32F7xx_HAL_Driver/Src/stm32f7xx_ll_sdmmc.c"
arm-none-eabi-gcc "../libraries/STM32F7xx_HAL_Driver/Src/stm32f7xx_ll_spi.c"
arm-none-eabi-gcc "../libraries/STM32F7xx_HAL_Driver/Src/stm32f7xx_ll_tim.c"
arm-none-eabi-gcc "../libraries/STM32F7xx_HAL_Driver/Src/stm32f7xx_ll_usart.c"
arm-none-eabi-gcc "../libraries/STM32F7xx_HAL_Driver/Src/stm32f7xx_ll_usb.c"
arm-none-eabi-gcc "../libraries/STM32F7xx_HAL_Driver/Src/stm32f7xx_ll_utils.c"
arm-none-eabi-gcc "../libraries/CMSIS/Device/ST/STM32F7xx/Source/Templates/gcc/startup_stm32f767xx.S"
arm-none-eabi-gcc "../libraries/CMSIS/Device/ST/STM32F7xx/Source/Templates/system_stm32f7xx.c"
arm-none-eabi-gcc "../drivers/board.c"
arm-none-eabi-gcc "../drivers/drv_adc.c"
arm-none-eabi-gcc "../drivers/drv_clk.c"
arm-none-eabi-gcc "../drivers/drv_common.c"
arm-none-eabi-gcc "../drivers/drv_eth.c"
arm-none-eabi-gcc "../drivers/drv_flash_f7.c"
arm-none-eabi-gcc "../drivers/drv_gpio.c"
arm-none-eabi-gcc "../drivers/drv_hwtimer.c"
arm-none-eabi-gcc "../drivers/drv_pwm.c"
arm-none-eabi-gcc "../drivers/drv_qspi.c"
arm-none-eabi-gcc "../drivers/drv_rtc.c"
arm-none-eabi-gcc "../drivers/drv_sdio.c"
arm-none-eabi-gcc "../drivers/drv_soft_i2c.c"
arm-none-eabi-gcc "../drivers/drv_spi.c"
arm-none-eabi-gcc "../drivers/drv_usart.c"
arm-none-eabi-gcc "../drivers/drv_usbd.c"
arm-none-eabi-gcc "../drivers/drv_usbh.c"
arm-none-eabi-gcc "../drivers/drv_wdt.c"
arm-none-eabi-gcc "../applications/main.c"
linking...
arm-none-eabi-objcopy -O binary "rtthread.elf"  "rtthread.bin"
arm-none-eabi-size --format=berkeley "rtthread.elf"
   text	   data	    bss	    dec	    hex	filename
  44096	   1432	   2608	  48136	   bc08	rtthread.elf

              Used Size(B)           Used Size(KB)
Flash:          45528 B               44.46 KB
RAM:             4040 B                3.95 KB

09:23:32 Build Finished. 0 errors, 0 warnings. (took 20s.940ms)

